\unset ECHO

t
t
t
t
content-length|0
www-authenticate|Basic realm="Fake Realm"
access-control-allow-origin|*
access-control-allow-credentials|true


t
t
t
t
content-type|application/json
content-length|51
access-control-allow-origin|*
access-control-allow-credentials|true
{
  "authenticated": true, 
  "user": "username"
}

